<manialink version="3" id="MtFallthroughWrapper" name="EvoSC#-MtFallthroughWrapper">
<label text="negative" />
<label text="negative" />
</manialink>
