<manialink version="3" id="MtFallthroughWrapper" name="EvoSC#-MtFallthroughWrapper">
<label text="test" data-test="unit" />
</manialink>
