<manialink version="3" id="MtGlobalVariables" name="EvoSC#-MtGlobalVariables">
<label text="unittest" />
</manialink>
