<manialink version="3" id="MtPropertyTest" name="EvoSC#-MtPropertyTest">
<frame size="15 11">
<label size="15 3" text="integrationtest" />
</frame>
<frame size="15 11">
<label size="15 3" text="integrationintegration" />
</frame>
<frame size="15 11">
<label size="15 3" text="test" />
</frame>
<label text="integration" />
<frame size="123 11">
<frame size="77 11">
<label text="integration" />
</frame>
</frame>
</manialink>
